// Jest Snapshot v1, https://goo.gl/fbAQLP

exports[`Pruebas en el componente AppRouter debe renderizar el login si no esta autenticado 1`] = `
<div>
  <div>
    <h2>
      LoginScreen
    </h2>
    <hr />
    <button
      className="btn btn-outline-primary"
      onClick={[Function]}
    >
      Login
    </button>
  </div>
</div>
`;
